==================================== INPUT ====================================
fragment NameRendererFragment on User {
  id
  nameRenderer @match {
    ...PlainUserNameRenderer_name @module(name: "PlainUserNameRenderer.react")
    ...MarkdownUserNameRenderer_name
      @module(name: "MarkdownUserNameRenderer.react")
  }
  plainNameRenderer: nameRenderer @match {
    ...PlainUserNameRenderer_name @module(name: "PlainUserNameRenderer.react")
  }
}

fragment PlainUserNameRenderer_name on PlainUserNameRenderer {
  plaintext
  data {
    text
  }
}

fragment MarkdownUserNameRenderer_name on MarkdownUserNameRenderer {
  markdown
  data {
    markup
  }
}
==================================== OUTPUT ===================================
fragment MarkdownUserNameRenderer_name on MarkdownUserNameRenderer {
  data {
    markup
  }
  markdown
}

fragment NameRendererFragment on User {
  nameRenderer @match {
    ...PlainUserNameRenderer_name @module(name: "PlainUserNameRenderer.react")
    ...MarkdownUserNameRenderer_name @module(name: "MarkdownUserNameRenderer.react")
  }
  plainNameRenderer: nameRenderer @match {
    ...PlainUserNameRenderer_name @module(name: "PlainUserNameRenderer.react")
  }
  id
}

fragment PlainUserNameRenderer_name on PlainUserNameRenderer {
  data {
    text
  }
  plaintext
}
