==================================== INPUT ====================================
fragment NameRendererFragment on User {
  id
  nameRenderer @match {
    ...PlainUserNameRenderer_name @module(name: "PlainUserNameRenderer.react")
    ...MarkdownUserNameRenderer_name
      @module(name: "MarkdownUserNameRenderer.react")
  }
  ... on User {
    # same alias and selections, should flatten together
    nameRenderer @match {
      ...PlainUserNameRenderer_name @module(name: "PlainUserNameRenderer.react")
      ...MarkdownUserNameRenderer_name
        @module(name: "MarkdownUserNameRenderer.react")
    }
  }
}

fragment PlainUserNameRenderer_name on PlainUserNameRenderer {
  plaintext
  data {
    text
    ... on PlainUserNameData {
      text # should be flattened
    }
  }
}

fragment MarkdownUserNameRenderer_name on MarkdownUserNameRenderer {
  markdown
  data {
    markup
    ... on MarkdownUserNameData {
      markup # should be flattened
    }
  }
}
==================================== OUTPUT ===================================
fragment MarkdownUserNameRenderer_name on MarkdownUserNameRenderer {
  data {
    markup
  }
  markdown
}

fragment NameRendererFragment on User {
  nameRenderer @match {
    ...PlainUserNameRenderer_name @module(name: "PlainUserNameRenderer.react")
    ...MarkdownUserNameRenderer_name @module(name: "MarkdownUserNameRenderer.react")
  }
  id
}

fragment PlainUserNameRenderer_name on PlainUserNameRenderer {
  data {
    text
  }
  plaintext
}
