==================================== INPUT ====================================
query NodeQuery($id: ID!, $cond: Boolean!, $PictureSize: [Int]!) {
  node(id: $id) {
    id
    ... on User @include(if: $cond) {
      name
    }
    ...UserFragment @include(if: $cond) @arguments(size: $PictureSize)
  }
}

fragment UserFragment on User
  @argumentDefinitions(
    after: {type: "ID"}
    cond: {type: "Boolean!", defaultValue: false}
    first: {type: "Int", defaultValue: 5}
    size: {type: "[Int]"}
    scale: {type: "Float", defaultValue: 2.0}
  ) {
  id
  __typename
  friends(after: $after, first: $first) {
    count
  }
  name @include(if: $cond)
  thumbnail: profilePicture(size: 32) {
    height
    width
    src: uri
  }
  profilePicture(size: $size) {
    height
    width
    src: uri
  }
  profile_picture(scale: $scale) {
    height
    width
    src: uri
  }
  scaled: profilePicture(size: $PictureSize) {
    uri
  }
}
==================================== OUTPUT ===================================
{
  "kind": "Operation",
  "name": "NodeQuery",
  "argumentDefinitions": [
    {
      "kind": "LocalArgument",
      "name": "id",
      "type": "ID",
      "defaultValue": null
    },
    {
      "kind": "LocalArgument",
      "name": "cond",
      "type": "Boolean",
      "defaultValue": null
    },
    {
      "kind": "LocalArgument",
      "name": "PictureSize",
      "type": "Int",
      "defaultValue": null
    }
  ],
  "selections": [
    {
      "kind": "LinkedField",
      "alias": null,
      "name": "node",
      "args": [
        {
          "kind": "Variable",
          "name": "id",
          "variableName": "id"
        }
      ],
      "concreteType": "Node",
      "plural": false,
      "selections": [
        {
          "kind": "ScalarField",
          "alias": null,
          "name": "id",
          "args": null,
          "storageKey": null
        },
        {
          "kind": "Condition",
          "passingValue": true,
          "condition": "cond",
          "selections": [
            {
              "kind": "InlineFragment",
              "type": "User",
              "selections": [
                {
                  "kind": "ScalarField",
                  "alias": null,
                  "name": "name",
                  "args": null,
                  "storageKey": null
                }
              ]
            }
          ]
        },
        {
          "kind": "Condition",
          "passingValue": true,
          "condition": "cond",
          "selections": [
            {
              "kind": "FragmentSpread",
              "name": "UserFragment",
              "args": [
                {
                  "kind": "Variable",
                  "name": "size",
                  "variableName": "PictureSize"
                }
              ]
            }
          ]
        }
      ],
      "storageKey": null
    }
  ]
}

{
  "kind": "Fragment",
  "name": "UserFragment",
  "type": "User",
  "metadata": {},
  "argumentDefinitions": [
    {
      "kind": "LocalArgument",
      "name": "after",
      "type": "ID",
      "defaultValue": null
    },
    {
      "kind": "LocalArgument",
      "name": "cond",
      "type": "Boolean",
      "defaultValue": false
    },
    {
      "kind": "LocalArgument",
      "name": "first",
      "type": "Int",
      "defaultValue": 5
    },
    {
      "kind": "LocalArgument",
      "name": "size",
      "type": "Int",
      "defaultValue": null
    },
    {
      "kind": "LocalArgument",
      "name": "scale",
      "type": "Float",
      "defaultValue": 2.0
    },
    {
      "kind": "RootArgument",
      "name": "PictureSize",
      "type": "Int"
    }
  ],
  "selections": [
    {
      "kind": "ScalarField",
      "alias": null,
      "name": "id",
      "args": null,
      "storageKey": null
    },
    {
      "kind": "ScalarField",
      "alias": null,
      "name": "__typename",
      "args": null,
      "storageKey": null
    },
    {
      "kind": "LinkedField",
      "alias": null,
      "name": "friends",
      "args": [
        {
          "kind": "Variable",
          "name": "after",
          "variableName": "after"
        },
        {
          "kind": "Variable",
          "name": "first",
          "variableName": "first"
        }
      ],
      "concreteType": null,
      "plural": false,
      "selections": [
        {
          "kind": "ScalarField",
          "alias": null,
          "name": "count",
          "args": null,
          "storageKey": null
        }
      ],
      "storageKey": null
    },
    {
      "kind": "Condition",
      "passingValue": true,
      "condition": "cond",
      "selections": [
        {
          "kind": "ScalarField",
          "alias": null,
          "name": "name",
          "args": null,
          "storageKey": null
        }
      ]
    },
    {
      "kind": "LinkedField",
      "alias": "thumbnail",
      "name": "profilePicture",
      "args": [
        {
          "kind": "Literal",
          "name": "size",
          "value": 32
        }
      ],
      "concreteType": null,
      "plural": false,
      "selections": [
        {
          "kind": "ScalarField",
          "alias": null,
          "name": "height",
          "args": null,
          "storageKey": null
        },
        {
          "kind": "ScalarField",
          "alias": null,
          "name": "width",
          "args": null,
          "storageKey": null
        },
        {
          "kind": "ScalarField",
          "alias": "src",
          "name": "uri",
          "args": null,
          "storageKey": null
        }
      ],
      "storageKey": null
    },
    {
      "kind": "LinkedField",
      "alias": null,
      "name": "profilePicture",
      "args": [
        {
          "kind": "Variable",
          "name": "size",
          "variableName": "size"
        }
      ],
      "concreteType": null,
      "plural": false,
      "selections": [
        {
          "kind": "ScalarField",
          "alias": null,
          "name": "height",
          "args": null,
          "storageKey": null
        },
        {
          "kind": "ScalarField",
          "alias": null,
          "name": "width",
          "args": null,
          "storageKey": null
        },
        {
          "kind": "ScalarField",
          "alias": "src",
          "name": "uri",
          "args": null,
          "storageKey": null
        }
      ],
      "storageKey": null
    },
    {
      "kind": "LinkedField",
      "alias": null,
      "name": "profile_picture",
      "args": [
        {
          "kind": "Variable",
          "name": "scale",
          "variableName": "scale"
        }
      ],
      "concreteType": null,
      "plural": false,
      "selections": [
        {
          "kind": "ScalarField",
          "alias": null,
          "name": "height",
          "args": null,
          "storageKey": null
        },
        {
          "kind": "ScalarField",
          "alias": null,
          "name": "width",
          "args": null,
          "storageKey": null
        },
        {
          "kind": "ScalarField",
          "alias": "src",
          "name": "uri",
          "args": null,
          "storageKey": null
        }
      ],
      "storageKey": null
    },
    {
      "kind": "LinkedField",
      "alias": "scaled",
      "name": "profilePicture",
      "args": [
        {
          "kind": "Variable",
          "name": "size",
          "variableName": "PictureSize"
        }
      ],
      "concreteType": null,
      "plural": false,
      "selections": [
        {
          "kind": "ScalarField",
          "alias": null,
          "name": "uri",
          "args": null,
          "storageKey": null
        }
      ],
      "storageKey": null
    }
  ]
}
