==================================== INPUT ====================================
query UnionQuery {
  maybeNode {
    # ... on Node { id } is autogenerated here because Node is a possible type
    ... on NonNode {
      name
    }
  }
}
==================================== OUTPUT ===================================
query UnionQuery {
  maybeNode {
    ... on FakeNode {
      id
    }
    ... on Node {
      id
    }
    ... on NonNode {
      name
    }
  }
}
