==================================== INPUT ====================================
query UnionQuery {
  neverNode {
    # ... on Node { id } is not autogenerated here since no concrete type
    # implements Node
    ... on NonNode {
      name
    }
  }
}
==================================== OUTPUT ===================================
query UnionQuery {
  neverNode {
    ... on FakeNode {
      id
    }
    ... on NonNode {
      name
    }
  }
}
